// Jest Snapshot v1, https://goo.gl/fbAQLP

exports[`HomeView.vue Renders the component correctly 1`] = `
<div class="home"><img alt="Vue logo" src="">
  <h1>Hello World</h1><button class="btn-primary">Primary</button><button class="btn-secondary">Secondary</button><button class="btn-success">Success</button>
</div>
`;
